// Jest Snapshot v1, https://goo.gl/fbAQLP

exports[`gallery node Gallery should parse and render 1`] = `
"<gallery mode=\\"packed\\", heights=\\"180\\", style=\\"text-align:center\\">
test-title (1).png
test-title (2).jpg
</gallery>
"
`;

exports[`gallery node Image slider should parse figure background images and render gallery 1`] = `
"<gallery mode=\\"packed\\", heights=\\"180\\", style=\\"text-align:center\\">
HD & Plugin API Progress Update (1).png
HD & Plugin API Progress Update (2).png
HD & Plugin API Progress Update (3).png
HD & Plugin API Progress Update (4).png
</gallery>
"
`;
