// Jest Snapshot v1, https://goo.gl/fbAQLP

exports[`bold node Bold text should parse and render 1`] = `"'''test'''"`;

exports[`bold node Bold text should parse and render with a link 1`] = `"'''testing this [https://example.com link]'''"`;

exports[`bold node Bold text should parse and render with a link and italics 1`] = `"'''testing this [https://example.com link] and ''italics'''''"`;
