// Jest Snapshot v1, https://goo.gl/fbAQLP

exports[`iframe node iframe link should be parsed from src attribute 1`] = `"<center><big>[https://example.com title]</big></center>"`;

exports[`iframe node iframe with non-youtube link should use center tag 1`] = `"<center><big>[https://example.com title]</big></center>"`;

exports[`iframe node iframe with youtube link should use Youtube template 1`] = `
"{{Youtube|test}}
"
`;

exports[`iframe node iframe with youtube playlist link should use Youtube template with type=playlist 1`] = `
"{{Youtube|type=playlist|PLRs68iqW7gYvSyTqu12WFMMXYZM-2regV}}
"
`;
