// Jest Snapshot v1, https://goo.gl/fbAQLP

exports[`image node Image node should parse and render 1`] = `
"[[File:test-title (1).png|200px]]

"
`;

exports[`image node Image with both data-caption-text and data-caption-link 1`] = `
"[[File:test-title (1).png|thumb|600px|center|''Custom caption text.''|link=https://example.com/]]

"
`;

exports[`image node Image with data-caption-text should include italic caption 1`] = `
"[[File:test-title (1).png|thumb|500px|center|''This is a test caption.'']]

"
`;

exports[`image node Image with data-link-href attribute should use that as the file link 1`] = `
"[[File:test-title (1).png|200px|link=https://example.com/platform]]

"
`;

exports[`image node Image with data-width attribute should use that width 1`] = `
"[[File:test-title (1).png|200px]]

"
`;

exports[`image node Image with inline style width should use that width 1`] = `
"[[File:test-title (1).png|300px]]

"
`;
