// Jest Snapshot v1, https://goo.gl/fbAQLP

exports[`integration test for trailing breaks should have proper spacing between headers and content 1`] = `
"==Community Discord Event==
===JMod Wars===
Join us for another round of JMod Castle Wars action!
'''When?'''

* Friday, October 24th

* 4:00-5:00 PM BST

'''Where?'''

* World 522

'''What?'''
We're flipping your classic Castle Wars experience.
Two J-Mods will join the fray.
"
`;
