// Jest Snapshot v1, https://goo.gl/fbAQLP

exports[`link node Anchor tag with text should parse correctly 1`] = `"[https://example.com Click here]"`;

exports[`link node Links should parse and render 1`] = `"[link test]"`;

exports[`link node Old School Wiki link should use MediaWikiLink 1`] = `"[[Old School Wiki]]"`;
