// Jest Snapshot v1, https://goo.gl/fbAQLP

exports[`table node A table with no thead should render 1`] = `
"{| class=\\"wikitable\\" style=\\"text-align: center;\\"
|-
! header1
! header2
|-
| test
| test
|}"
`;

exports[`table node A table with thead should render 1`] = `
"{| class=\\"wikitable\\" style=\\"text-align: center;\\"
|-
! header1
! header2
|-
| test
| test
|-
| test
| test
|}"
`;
